==> Packaging source (git archive HEAD)...
==> Sending source to jni-server:/data/build/video-downloader ...
==> Building Docker build image (cached after first run)...
ssh : DEPRECATED: The legacy builder is deprecated and will be removed in a future release.
At D:\Codding\Project\video-downloader\scripts\build-on-vps.ps1:41 char:1
+ ssh $Server "cd $Remote && docker build -f Dockerfile.build -t androi ...
+ ~~~~~~~~~~~~~~~~~~~~~~~~~~~~~~~~~~~~~~~~~~~~~~~~~~~~~~~~~~~~~~~~~~~~~
    + CategoryInfo          : NotSpecified: (DEPRECATED: The...future release.:String) [], RemoteException
    + FullyQualifiedErrorId : NativeCommandError
 
            Install the buildx component to build images with BuildKit:
            https://docs.docker.com/go/buildx/

Sending build context to Docker daemon  164.8MB

Step 1/10 : FROM eclipse-temurin:17-jdk-jammy
 ---> beabb759e6f9
Step 2/10 : ENV ANDROID_HOME=/opt/android-sdk
 ---> Using cache
 ---> 27c4ab821e63
Step 3/10 : ENV ANDROID_SDK_ROOT=$ANDROID_HOME
 ---> Using cache
 ---> d061bdea7567
Step 4/10 : ENV PATH=$PATH:$ANDROID_HOME/cmdline-tools/latest/bin:$ANDROID_HOME/platform-tools
 ---> Using cache
 ---> 99926c55a258
Step 5/10 : ENV GRADLE_USER_HOME=/root/.gradle
 ---> Using cache
 ---> 20ae126bd2ab
Step 6/10 : RUN apt-get update && apt-get install -y --no-install-recommends         unzip wget git ca-certificates && rm -rf /var/lib/apt/lists/*
 ---> Using cache
 ---> 994efb8ef5a0
Step 7/10 : RUN mkdir -p $ANDROID_HOME/cmdline-tools && cd $ANDROID_HOME/cmdline-tools &&     wget -q https://dl.google.com/android/repository/commandlinetools-linux-11076708_latest.zip -O cmdline.zip &&     unzip -q cmdline.zip && mv cmdline-tools latest && rm cmdline.zip
 ---> Using cache
 ---> a64747dc925a
Step 8/10 : RUN yes | sdkmanager --licenses > /dev/null 2>&1 || true
 ---> Using cache
 ---> 2eca0e2b1e62
Step 9/10 : RUN sdkmanager "platform-tools" "platforms;android-34" "build-tools;34.0.0" > /dev/null
 ---> Using cache
 ---> f80ae2b6b15c
Step 10/10 : WORKDIR /workspace
 ---> Using cache
 ---> a5e59d96cd51
Successfully built a5e59d96cd51
Successfully tagged android-build:34
==> Running build (test) in container...
To honour the JVM settings for this build a single-use Daemon process will be forked. For more on this, please refer to https://docs.gradle.org/8.9/userguide/gradle_daemon.html#sec:disabling_the_daemon in the Gradle documentation.
Daemon will be stopped at the end of the build 
> Task :app:preBuild UP-TO-DATE
> Task :app:preDebugBuild UP-TO-DATE
> Task :app:checkKotlinGradlePluginConfigurationErrors SKIPPED
> Task :app:generateDebugBuildConfig UP-TO-DATE
> Task :app:checkDebugAarMetadata UP-TO-DATE
> Task :app:generateDebugResValues UP-TO-DATE
> Task :app:mapDebugSourceSetPaths UP-TO-DATE
> Task :app:generateDebugResources UP-TO-DATE
> Task :app:mergeDebugResources UP-TO-DATE
> Task :app:packageDebugResources UP-TO-DATE
> Task :app:parseDebugLocalResources UP-TO-DATE
> Task :app:createDebugCompatibleScreenManifests UP-TO-DATE
> Task :app:extractDeepLinksDebug UP-TO-DATE
> Task :app:processDebugMainManifest
> Task :app:processDebugManifest
> Task :app:javaPreCompileDebug UP-TO-DATE
> Task :app:preDebugUnitTestBuild UP-TO-DATE
> Task :app:processDebugManifestForPackage
> Task :app:javaPreCompileDebugUnitTest
> Task :app:processDebugResources
> Task :app:kspDebugKotlin
> Task :app:compileDebugKotlin
> Task :app:compileDebugJavaWithJavac
> Task :app:hiltAggregateDepsDebug
> Task :app:hiltJavaCompileDebug
> Task :app:processDebugJavaRes
> Task :app:bundleDebugClassesToCompileJar
> Task :app:transformDebugClassesWithAsm
> Task :app:bundleDebugClassesToRuntimeJar
> Task :app:kspDebugUnitTestKotlin
> Task :app:compileDebugUnitTestKotlin
> Task :app:compileDebugUnitTestJavaWithJavac NO-SOURCE
> Task :app:hiltAggregateDepsDebugUnitTest
> Task :app:hiltJavaCompileDebugUnitTest NO-SOURCE
> Task :app:processDebugUnitTestJavaRes
> Task :app:transformDebugUnitTestClassesWithAsm
> Task :app:testDebugUnitTest

BUILD SUCCESSFUL in 1m 3s
31 actionable tasks: 20 executed, 11 up-to-date
UNIT TESTS DONE
